0.000000
0.176444
0.614796
0.354399
0.286399
0.529331
