0.404494
0.443820
0.780899
0.432584
0.385768
0.552434
