-nan
0.000000
0.333333
-nan
-nan
1.000000
0.000000
1.000000
0.000000
-nan
0.000000
0.000000
-nan
-nan
-nan
1.000000
-nan
1.000000
0.000000
0.000000
-nan
1.000000
0.000000
1.000000
1.000000
0.000000
-nan
-nan
-nan
0.500000
-nan
-nan
0.000000
0.500000
0.000000
0.000000
0.000000
0.750000
0.500000
-nan
0.750000
1.000000
1.000000
0.500000
1.000000
-nan
-nan
-nan
0.000000
-nan
0.500000
1.000000
1.000000
0.500000
-nan
1.000000
-nan
1.000000
-nan
0.000000
-nan
-nan
0.333333
1.000000
0.500000
0.000000
-nan
-nan
-nan
-nan
0.500000
-nan
-nan
0.000000
1.000000
0.000000
0.000000
-nan
0.000000
0.500000
-nan
-nan
1.000000
0.000000
1.000000
-nan
-nan
0.000000
-nan
0.000000
-nan
-nan
0.000000
1.000000
-nan
0.500000
1.000000
0.000000
-nan
1.000000
0.500000
-nan
1.000000
-nan
-nan
-nan
-nan
-nan
0.500000
0.000000
-nan
-nan
-nan
0.000000
-nan
1.000000
0.000000
0.000000
1.000000
-nan
0.000000
1.000000
-nan
0.000000
0.500000
-nan
0.500000
-nan
0.000000
1.000000
0.000000
1.000000
-nan
1.000000
-nan
0.500000
0.500000
-nan
0.666667
0.000000
-nan
0.000000
1.000000
1.000000
-nan
0.666667
1.000000
0.000000
0.000000
1.000000
0.000000
1.000000
0.000000
0.000000
1.000000
1.000000
0.000000
-nan
0.000000
1.000000
-nan
-nan
0.400000
1.000000
-nan
-nan
0.000000
0.000000
0.000000
0.000000
1.000000
-nan
0.500000
-nan
-nan
0.500000
0.666667
1.000000
1.000000
0.000000
-nan
1.000000
1.000000
0.000000
0.000000
1.000000
1.000000
-nan
-nan
-nan
0.000000
0.000000
0.500000
0.000000
-nan
0.000000
-nan
1.000000
1.000000
1.000000
