0.592593
0.272727
0.521739
0.434783
0.615385
0.375000
0.368421
0.631579
0.636364
0.470588
0.363636
0.437500
0.529412
0.250000
0.722222
0.363636
0.478261
0.541667
0.500000
0.631579
0.481481
0.333333
0.529412
0.631579
0.583333
0.608696
0.363636
0.785714
0.545455
0.454545
0.666667
0.500000
0.466667
0.458333
0.352941
0.555556
0.400000
0.631579
0.476190
0.500000
0.421053
0.434783
0.454545
0.562500
0.466667
0.416667
0.583333
0.500000
0.444444
0.565217
0.454545
0.777778
0.578947
0.640000
0.571429
0.437500
0.631579
0.653846
0.611111
0.291667
0.464286
0.400000
0.478261
0.440000
0.687500
0.470588
0.625000
0.466667
0.538462
0.357143
0.434783
0.500000
0.296296
0.478261
0.500000
0.480000
0.450000
0.368421
0.500000
0.562500
0.666667
0.461538
0.384615
0.500000
0.500000
0.500000
0.384615
0.500000
0.565217
0.450000
0.619048
0.538462
0.263158
0.500000
0.444444
0.450000
0.533333
0.285714
0.647059
0.653846
