0.364915
0.329780
0.445976
0.557128
0.616404
0.435632
0.548351
0.404943
0.571792
0.494612
0.403204
0.431974
0.519308
0.502098
0.457799
0.581519
0.480501
0.476892
0.467517
0.594467
0.589261
0.483545
0.495021
0.600472
0.577979
0.402732
0.476209
0.427656
0.533876
0.488386
0.568087
0.531965
0.556818
0.544471
0.562537
0.422295
0.538978
0.506236
0.444033
0.522204
0.457187
0.324221
0.519870
0.526372
0.570944
0.421574
0.506711
0.522505
0.560504
0.433908
0.388740
0.470346
0.352972
0.610669
0.654557
0.522260
0.460158
0.553406
0.522040
0.578182
0.494473
0.495014
0.571245
0.590410
0.352269
0.534843
0.525805
0.495087
0.508738
0.767918
0.561945
0.643631
0.470417
0.533605
0.445275
0.565056
0.445022
0.558136
0.535440
0.602973
0.329365
0.713933
0.422562
0.441204
0.299814
0.563835
0.485301
0.352738
0.495986
0.521984
0.527775
0.433081
0.467786
0.450954
0.523671
0.437034
0.574126
0.499655
0.377887
0.469306
