0.526535
0.705567
0.375000
0.541485
0.735958
0.485445
0.505710
0.549695
0.645425
0.331346
0.494039
0.549846
0.199413
0.515347
0.500000
0.282919
0.367619
0.599798
0.500000
0.406139
0.707873
0.443747
0.426349
0.445668
0.671782
0.298780
0.325721
0.389604
0.680495
0.602857
0.625000
0.350775
0.349898
0.635380
0.372234
0.625000
0.779048
0.392297
0.375000
0.500000
0.662084
0.616702
0.283592
0.367619
0.735536
0.463847
0.644810
0.402624
0.522139
0.486251
