0.751829
0.726678
0.329214
0.705946
0.423996
0.495900
0.372923
0.181265
0.707117
0.235081
0.360427
0.759478
0.392442
0.342906
0.672839
0.602379
0.656665
0.363323
0.553257
0.569621
0.249662
0.679574
0.500416
0.469050
0.522301
0.574039
0.530360
0.528719
0.530304
0.570066
0.528641
0.546286
0.620769
0.366720
0.506477
0.364365
0.537700
0.442362
0.416744
0.659368
0.335687
0.526842
0.478104
0.547882
0.716223
0.179506
0.286481
0.428857
0.372876
0.428231
0.646884
0.767011
0.595494
0.418797
0.472651
0.503178
0.611896
0.609738
0.700656
0.733552
0.500000
0.346807
0.273280
0.408030
0.622240
0.678614
0.433038
0.252642
0.499669
0.143501
0.163176
0.553128
0.730451
0.425193
0.477112
0.421748
0.499253
0.524971
0.326144
0.507732
0.359902
0.371327
0.633679
0.417721
0.313844
0.525288
0.793070
0.524553
0.450698
0.537596
0.513773
0.809920
0.701772
0.493336
0.541877
0.575470
0.400591
0.739124
0.232308
0.569668
