0.583333
0.500000
0.666667
0.625000
0.666667
0.400000
0.692308
0.583333
0.400000
0.444444
0.300000
0.714286
0.333333
0.500000
0.363636
0.500000
0.583333
0.529412
0.454545
0.500000
0.800000
0.727273
0.333333
0.444444
0.583333
0.769231
0.200000
0.714286
0.583333
0.200000
0.444444
0.250000
0.600000
0.400000
0.555556
0.666667
0.384615
0.333333
0.375000
0.545455
0.571429
0.400000
0.615385
0.333333
0.533333
0.166667
0.400000
0.750000
0.444444
0.714286
0.142857
0.454545
0.500000
0.636364
0.200000
0.500000
0.400000
0.692308
0.500000
0.500000
0.384615
0.545455
0.375000
0.416667
0.750000
0.375000
0.500000
0.625000
0.736842
0.800000
0.400000
0.400000
0.428571
0.500000
0.375000
0.444444
0.888889
0.333333
0.555556
0.333333
0.545455
0.562500
0.583333
0.700000
0.416667
0.285714
0.636364
0.250000
0.666667
0.500000
0.750000
0.428571
0.545455
0.500000
0.307692
0.533333
0.222222
0.571429
0.416667
0.500000
