0.363518
0.682988
0.404724
0.300552
0.501617
0.703695
0.521772
0.351298
0.826926
0.498584
0.546291
0.476307
0.682867
0.555681
0.325436
0.550373
0.313163
0.583274
0.369747
0.489874
0.371814
0.438811
0.618234
0.592742
0.394203
0.816434
0.609469
0.210178
0.333888
0.316513
0.280982
0.576826
0.459952
0.422066
0.732050
0.410401
0.626549
0.457817
0.590856
0.629055
0.401656
0.697581
0.311468
0.746774
0.529722
0.478501
0.497381
0.471189
0.551111
0.377089
