0.500000
0.625000
0.310945
0.500000
0.409091
0.644279
0.372881
0.500000
0.454545
0.577512
0.662393
0.342105
0.269231
0.625000
0.500000
0.500000
0.375000
0.500000
0.478728
0.500000
0.487179
0.500000
0.342105
0.625000
0.489779
0.500000
0.625000
0.500000
0.333333
0.329060
0.375000
0.375000
0.663260
0.625000
0.406335
0.500000
0.666667
0.295856
0.500000
0.500000
0.625000
0.279238
0.500000
0.359171
0.662393
0.526316
0.375000
0.500000
0.708955
0.500000
0.589744
0.500000
0.432836
0.500000
0.500000
0.500000
0.438751
0.500000
0.625000
0.500000
0.500000
0.404075
0.532991
0.375000
0.763158
0.816253
0.221266
0.693646
0.636364
0.500000
0.526316
0.500000
0.500000
0.684817
0.500000
0.277612
0.500000
0.554452
0.500000
0.500000
0.523873
0.500000
0.495397
0.375000
0.500000
0.708955
0.593079
0.500000
0.500000
0.618642
0.402985
0.500000
0.500000
0.677612
0.500000
0.375000
0.500000
0.500000
0.432836
0.402985
