0.603293
0.515744
0.459394
0.504433
0.442252
0.639715
0.791988
0.405901
0.548448
0.345799
0.605895
0.291727
0.478946
0.492292
0.362959
0.538776
0.545705
0.381726
0.407894
0.624297
0.443117
0.435742
0.597806
0.447284
0.638553
0.429089
0.719892
0.438377
0.422863
0.404294
0.573601
0.538038
0.486543
0.636469
0.486378
0.422815
0.466580
0.429491
0.546974
0.617886
0.630791
0.563326
0.443128
0.377081
0.499384
0.379348
0.393901
0.529777
0.453893
0.560400
