0.299934
0.441558
0.460642
0.424685
0.568137
0.335604
0.494167
0.513034
0.593384
0.555356
0.549764
0.598980
0.567374
0.221412
0.608216
0.443214
0.489393
0.477750
0.225290
0.571689
0.295045
0.552084
0.341486
0.627331
0.540415
0.598105
0.549335
0.621337
0.437906
0.355997
0.442527
0.483398
0.393090
0.465326
0.417504
0.635148
0.599091
0.519261
0.283832
0.522369
0.570887
0.528095
0.447969
0.382020
0.410913
0.483901
0.530390
0.397794
0.201445
0.404896
0.531049
0.671748
0.386186
0.424986
0.387539
0.469253
0.551896
0.510871
0.691754
0.470657
0.432699
0.538265
0.590190
0.435024
0.600083
0.529550
0.554898
0.690141
0.416274
0.743972
0.508990
0.350136
0.459760
0.444172
0.401909
0.518346
0.439181
0.721762
0.476372
0.452653
0.832692
0.614934
0.586838
0.199603
0.561444
0.621960
0.690203
0.572072
0.584385
0.470014
0.480894
0.495132
0.470927
0.470804
0.689840
0.702263
0.616715
0.273410
0.611090
0.575982
