0.666667
0.333333
0.000000
0.500000
0.333333
0.666667
0.500000
0.545455
0.300000
0.500000
0.222222
0.500000
0.384615
0.500000
0.500000
0.545455
0.571429
0.250000
0.285714
0.375000
0.142857
0.700000
0.714286
0.600000
0.375000
0.600000
0.400000
0.800000
0.500000
0.363636
0.857143
0.500000
0.000000
0.666667
0.454545
0.400000
0.583333
0.571429
0.875000
1.000000
0.285714
0.333333
0.400000
0.800000
0.454545
0.555556
0.500000
0.500000
0.777778
0.500000
