0.651123
0.524801
0.430662
0.545444
0.554841
0.526479
0.462305
0.500110
0.578922
0.415027
0.471093
0.579301
0.442455
0.316979
0.583727
0.489974
0.609387
0.427898
0.428228
0.432626
0.300252
0.465335
0.485092
0.532650
0.479721
0.757372
0.635823
0.507605
0.548581
0.523851
0.474726
0.453061
0.438033
0.314168
0.416215
0.554176
0.555600
0.487393
0.569097
0.452086
0.456778
0.539278
0.471019
0.565392
0.460715
0.474418
0.621410
0.368190
0.587928
0.532652
