0.682551
0.500000
0.581485
0.572611
0.627524
0.592283
0.548562
0.353883
0.500000
0.627524
0.289083
0.500000
0.711710
0.402708
0.638815
0.327518
0.375000
0.757030
0.392135
0.763726
0.395901
0.596361
0.573357
0.408428
0.375000
0.416444
0.421425
0.470739
0.500000
0.648083
0.636423
0.739458
0.220071
0.397466
0.324115
0.500000
0.584735
0.393872
0.375000
0.500000
0.382572
0.625000
0.687704
0.744206
0.492708
0.517491
0.357028
0.736683
0.625000
0.500000
0.318263
0.406114
0.500000
0.699139
0.668849
0.634865
0.409270
0.306530
0.526718
0.189406
0.157812
0.532105
0.500000
0.251372
0.571085
0.725284
0.420702
0.445869
0.244455
0.500000
0.638815
0.551166
0.500000
0.491944
0.664236
0.672497
0.686657
0.559971
0.397190
0.419590
0.538624
0.419010
0.354915
0.290673
0.319389
0.309607
0.500000
0.425657
0.460460
0.347876
0.500000
0.500000
0.893553
0.625000
0.635371
0.642690
0.500000
0.552604
0.454789
0.250457
