0.500000
0.500000
0.375000
0.500000
0.500000
0.500000
0.500000
0.500000
0.500000
0.500000
0.375000
0.500000
0.625000
0.500000
0.625000
0.607143
0.500000
0.500000
0.375000
0.625000
0.375000
0.500000
0.500000
0.500000
0.625000
0.321429
0.500000
0.500000
0.500000
0.392857
0.375000
0.500000
0.500000
0.500000
0.500000
0.500000
0.500000
0.625000
0.375000
0.625000
0.500000
0.375000
0.500000
0.500000
0.500000
0.500000
0.625000
0.500000
0.678571
0.500000
