0.465611
0.536253
0.467735
0.359066
0.488017
0.506985
0.446897
0.553432
0.431068
0.594834
0.660573
0.481967
0.512689
0.523889
0.572524
0.554048
0.495636
0.550829
0.571749
0.607973
0.453213
0.410599
0.483384
0.587269
0.468244
0.604960
0.446771
0.539836
0.684018
0.473595
0.393959
0.605496
0.407407
0.438374
0.483242
0.518328
0.430362
0.406751
0.327805
0.599601
0.417080
0.493005
0.421277
0.591473
0.528993
0.535065
0.405385
0.386712
0.526362
0.549661
