8.540862e+04
6.718368e+04
4.723127e+04
3.089902e+04
2.309883e+04
1.642253e+04
1.212880e+04
6.125220e+03
5.097333e+03
4.681790e+03
2.212260e+03
1.716373e+03
1.365809e+03
8.841401e+04
6.682698e+04
4.784008e+04
3.155719e+04
2.242596e+04
1.664644e+04
1.180262e+04
6.110274e+03
4.973218e+03
4.593636e+03
2.187377e+03
1.677252e+03
1.314362e+03
8.520615e+04
6.811790e+04
4.771944e+04
3.046568e+04
2.273543e+04
1.631510e+04
1.198805e+04
6.225901e+03
5.077670e+03
4.778349e+03
2.230594e+03
1.699241e+03
1.336571e+03
8.673239e+04
6.754924e+04
4.773118e+04
3.113006e+04
2.267327e+04
1.671295e+04
1.209243e+04
6.069066e+03
5.062046e+03
4.731498e+03
2.190109e+03
1.695067e+03
1.337913e+03
8.616524e+04
6.684434e+04
4.781367e+04
3.115186e+04
2.266232e+04
1.651606e+04
1.189684e+04
6.138590e+03
5.127348e+03
4.678011e+03
2.179998e+03
1.743568e+03
1.351441e+03
