0.466115
0.478340
0.419121
0.475723
0.544369
0.525412
0.502274
0.516988
0.517094
0.498599
0.483187
0.523845
0.443095
0.477525
0.468962
0.469340
0.428634
0.503735
0.494672
0.502401
0.531214
0.613671
0.472452
0.509765
0.502538
0.476899
0.498851
0.538718
0.543355
0.571236
0.493472
0.500855
0.482172
0.505785
0.518706
0.484013
0.480143
0.552292
0.496824
0.502741
0.485613
0.528139
0.503706
0.575099
0.450589
0.525941
0.479245
0.529244
0.462430
0.441744
0.537432
0.511954
0.504400
0.573197
0.475119
0.548110
0.470829
0.434132
0.491299
0.423633
0.464221
0.474645
0.516858
0.482109
0.545310
0.467643
0.490081
0.500893
0.503128
0.449374
0.521386
0.569807
0.524949
0.488171
0.514132
0.456063
0.496921
0.525191
0.474237
0.495941
0.507438
0.438094
0.535701
0.497404
0.498621
0.472945
0.483225
0.420661
0.502830
0.514998
0.469848
0.506375
0.501778
0.562282
0.553882
0.552219
0.536577
0.507736
0.497890
0.511445
