0.768612
0.781666
0.760710
0.500000
0.733876
0.498900
0.467753
0.519827
0.414390
0.800862
0.454545
0.559272
0.686424
0.477873
0.596134
0.500000
0.495825
0.259788
0.500000
0.781741
0.581958
0.848362
0.543321
0.755128
0.375000
0.331942
0.592017
0.527804
0.262095
0.625000
0.303552
0.500000
0.474812
0.325958
0.313908
0.375000
0.489008
0.473967
0.409842
0.739366
0.500000
0.397031
0.636364
0.420942
0.587365
0.500000
0.398561
0.611457
0.787260
0.581265
0.400873
0.540250
0.437638
0.549275
0.504685
0.500000
0.625000
0.500000
0.510437
0.569762
0.290315
0.230890
0.500000
0.557471
0.420237
0.632854
0.564548
0.401904
0.461013
0.500000
0.601270
0.420237
0.667941
0.322584
0.420237
0.509944
0.500000
0.558291
0.500000
0.328314
0.589999
0.288401
0.616522
0.250127
0.424661
0.489992
0.370945
0.269998
0.484943
0.453497
0.353091
0.349566
0.409091
0.339942
0.367090
0.306981
0.705711
0.743170
0.503824
0.329997
