0.571131
0.641527
0.435140
0.343811
0.474593
0.476299
0.687252
0.368720
0.602873
0.548284
0.197948
0.328615
0.444486
0.860445
0.635985
0.490279
0.683083
0.795960
0.387807
0.508607
0.448670
0.311960
0.734429
0.596865
0.392370
0.654664
0.473047
0.383241
0.374510
0.635838
0.504275
0.269366
0.448270
0.408328
0.499178
0.310988
0.505484
0.560248
0.813498
0.548575
0.382716
0.383577
0.505135
0.716373
0.090170
0.464984
0.467271
0.611917
0.379958
0.641249
