0.737478
0.569951
0.649883
0.234697
0.745892
0.645099
0.489290
0.200258
0.803762
0.452209
0.212709
0.564259
0.449650
0.392989
0.542392
0.500000
0.577392
0.603670
0.445180
0.500000
0.578232
0.629791
0.562657
0.744106
0.357473
0.287574
0.574522
0.229665
0.367895
0.359641
0.712210
0.329445
0.636630
0.511859
0.316196
0.426015
0.552053
0.615012
0.276482
0.678963
0.654745
0.408195
0.640945
0.534846
0.494279
0.284629
0.344949
0.599474
0.421897
0.552859
