0.349453
0.314680
0.408339
0.469902
0.624783
0.462430
0.442795
0.515606
0.594440
0.442523
0.499391
0.567712
0.549228
0.513926
0.459479
0.509020
0.496614
0.506632
0.489624
0.270848
0.684320
0.414797
0.395930
0.296400
0.532785
0.491733
0.535510
0.640342
0.341666
0.701866
0.585918
0.603636
0.503344
0.452131
0.556219
0.478938
0.615515
0.657636
0.553230
0.504823
0.361164
0.531654
0.539702
0.503045
0.492265
0.700574
0.682544
0.434046
0.411210
0.341690
0.651464
0.575809
0.590482
0.654522
0.572288
0.366851
0.276245
0.537693
0.452209
0.438911
0.581259
0.547223
0.561881
0.437939
0.519576
0.570387
0.635339
0.524693
0.358944
0.666729
0.491357
0.331498
0.596676
0.524849
0.517409
0.443782
0.608017
0.536854
0.562696
0.546170
0.377696
0.636282
0.534466
0.329944
0.401127
0.475044
0.506372
0.438214
0.394203
0.445779
0.561516
0.416323
0.431994
0.590135
0.500585
0.498423
0.403380
0.392575
0.527962
0.426169
