0.578113
0.803216
0.500000
0.340285
0.625000
0.500000
0.500000
0.600000
0.500000
0.409285
0.500000
0.666667
0.500000
0.600000
0.462070
0.500000
0.416667
0.500000
0.500000
0.741127
0.727854
0.375000
0.638889
0.375000
0.520855
0.400000
0.692918
0.625000
0.500000
0.400000
0.584189
0.413709
0.305556
0.500000
0.423707
0.375000
0.500000
0.375000
0.600000
0.638889
0.500000
0.374034
0.500000
0.700000
0.625000
0.432502
0.225793
0.500000
0.500000
0.600000
0.300000
0.638889
0.500000
0.305556
0.656890
0.340285
0.500000
0.708864
0.300000
0.500000
0.500000
0.500000
0.500000
0.600000
0.300000
0.625000
0.500000
0.750233
0.470671
0.500000
0.500000
0.500000
0.416667
0.500000
0.500000
0.509389
0.500000
0.397639
0.500000
0.600000
0.638889
0.436374
0.550799
0.500000
0.500000
0.333333
0.500000
0.500000
0.402955
0.234338
0.500000
0.500000
0.465020
0.500000
0.297481
0.632659
0.500000
0.416744
0.500000
0.500000
