0.518715
0.591997
0.833785
0.638715
0.748098
0.531343
0.379189
0.472300
0.415900
0.578762
0.230691
0.511144
0.398277
0.579059
0.224717
0.297961
0.459045
0.325893
0.542920
0.549948
0.575761
0.865201
0.537529
0.546697
0.470248
0.545468
0.535730
0.608443
0.452048
0.547386
0.425212
0.466105
0.413473
0.479988
0.401621
0.702278
0.307137
0.566909
0.694169
0.552419
0.392200
0.589297
0.650204
0.502588
0.408913
0.321653
0.509877
0.276916
0.548438
0.473095
0.474046
0.325446
0.376483
0.475233
0.421698
0.358051
0.211546
0.273593
0.606232
0.465874
0.729382
0.587177
0.530929
0.426065
0.690815
0.631657
0.672287
0.438863
0.767838
0.553545
0.352255
0.315453
0.289112
0.682169
0.827126
0.365515
0.656953
0.574097
0.288991
0.556847
0.686313
0.446309
0.457119
0.596362
0.554793
0.392402
0.401127
0.620088
0.588802
0.781131
0.349182
0.448035
0.406750
0.275430
0.482756
0.574526
0.570861
0.487415
0.330713
0.429145
