0.454654
0.295671
0.425643
0.658696
0.637086
0.326125
0.500280
0.682373
0.463058
0.445119
0.498526
0.688899
0.443571
0.510051
0.503136
0.540780
0.290573
0.620439
0.435406
0.578560
0.610656
0.447494
0.550253
0.404064
0.481662
0.573693
0.545755
0.561303
0.493617
0.458372
0.486613
0.491201
0.500516
0.447385
0.475965
0.474967
0.350178
0.431507
0.456240
0.610686
0.716172
0.486924
0.473024
0.333343
0.481944
0.573273
0.594561
0.463605
0.603945
0.422436
