0.454538
0.415622
0.611815
0.380130
0.445648
0.480702
0.540304
0.442271
0.521110
0.525844
0.482328
0.497965
0.498952
0.554256
0.494285
0.492311
0.626884
0.523973
0.583545
0.426275
0.469979
0.493995
0.510160
0.550250
0.521152
0.483615
0.644945
0.493765
0.525188
0.415177
0.472930
0.478283
0.388968
0.639483
0.365915
0.466458
0.541094
0.306642
0.641359
0.514929
0.460743
0.521137
0.628854
0.410632
0.506676
0.473231
0.487433
0.602298
0.464749
0.521204
